C:\Users\Sowmya>cd D:\Full-Stack

C:\Users\Sowmya>D:

D:\Full-Stack>cd E-Commerce

D:\Full-Stack\E-Commerce>git init
Initialized empty Git repository in D:/Full-Stack/E-Commerce/.git/

D:\Full-Stack\E-Commerce>git status
On branch master

No commits yet

Untracked files:
  (use "git add <file>..." to include in what will be committed)

        index.css
        index.html

nothing added to commit but untracked files present (use "git add" to track)

D:\Full-Stack\E-Commerce>git commit -m "initial commit"

*** Please tell me who you are.

Run

  git config --global user.email "you@example.com"
  git config --global user.name "Your Name"

to set your account's default identity.
Omit --global to set the identity only in this repository.

fatal: unable to auto-detect email address (got 'Sowmya@DESKTOP-BH3FEP5.(none)')

D:\Full-Stack\E-Commerce>git config --global user.email "sowmya22reddy@gmail.com"

D:\Full-Stack\E-Commerce>git config --global user.name "Sowmya"

D:\Full-Stack\E-Commerce>git commit -m "initial commit"
On branch master

Initial commit

Untracked files:
        index.css
        index.html

nothing added to commit but untracked files present

D:\Full-Stack\E-Commerce>git remote add origin https://github.com/Sowmya22reddy/webdevop.git

D:\Full-Stack\E-Commerce>git push -u origin master
error: src refspec master does not match any.
error: failed to push some refs to 'https://github.com/Sowmya22reddy/webdevop.git'

D:\Full-Stack\E-Commerce>git add .

D:\Full-Stack\E-Commerce>git status
On branch master

No commits yet

Changes to be committed:
  (use "git rm --cached <file>..." to unstage)

        new file:   index.css
        new file:   index.html


D:\Full-Stack\E-Commerce>git commit -m "initial commit"
[master (root-commit) afd46af] initial commit
 2 files changed, 0 insertions(+), 0 deletions(-)
 create mode 100644 index.css
 create mode 100644 index.html

D:\Full-Stack\E-Commerce>git remote add origin https://github.com/Sowmya22reddy/webdevop.git
fatal: remote origin already exists.

D:\Full-Stack\E-Commerce>git push -u origin master
Logon failed, use ctrl+c to cancel basic credential prompt.
Username for 'https://github.com': Sowmya22reddy
Password for 'https://Sowmya22reddy@github.com':
Enumerating objects: 3, done.
Counting objects: 100% (3/3), done.
Delta compression using up to 4 threads
Compressing objects: 100% (2/2), done.
Writing objects: 100% (3/3), 224 bytes | 112.00 KiB/s, done.
Total 3 (delta 0), reused 0 (delta 0)
To https://github.com/Sowmya22reddy/webdevop.git
 * [new branch]      master -> master
Branch 'master' set up to track remote branch 'master' from 'origin'.